[     125ms] [INFO] %cDownload the React DevTools for a better development experience: https://react.dev/link/react-devtools font-weight:bold @ http://localhost:3000/_next/static/chunks/73eda_next_dist_e2e1408c._.js:2297
[     149ms] [LOG] [HMR] connected @ http://localhost:3000/_next/static/chunks/73eda_next_dist_e2e1408c._.js:2297
[   34965ms] [LOG] [Fast Refresh] rebuilding @ http://localhost:3000/_next/static/chunks/73eda_next_dist_e2e1408c._.js:2297
[   35168ms] [LOG] [Fast Refresh] done in 125ms @ http://localhost:3000/_next/static/chunks/73eda_next_dist_e2e1408c._.js:2297
[   35402ms] [LOG] [Fast Refresh] rebuilding @ http://localhost:3000/_next/static/chunks/73eda_next_dist_e2e1408c._.js:2297
[   35508ms] [LOG] [Fast Refresh] done in 213ms @ http://localhost:3000/_next/static/chunks/73eda_next_dist_e2e1408c._.js:2297
[   36114ms] [LOG] [Fast Refresh] rebuilding @ http://localhost:3000/_next/static/chunks/73eda_next_dist_e2e1408c._.js:2297
[   36257ms] [LOG] [Fast Refresh] done in 244ms @ http://localhost:3000/_next/static/chunks/73eda_next_dist_e2e1408c._.js:2297
[   36704ms] [LOG] [Fast Refresh] rebuilding @ http://localhost:3000/_next/static/chunks/73eda_next_dist_e2e1408c._.js:2297
[   36723ms] [LOG] [Fast Refresh] done in 120ms @ http://localhost:3000/_next/static/chunks/73eda_next_dist_e2e1408c._.js:2297
[   36856ms] [LOG] [Fast Refresh] rebuilding @ http://localhost:3000/_next/static/chunks/73eda_next_dist_e2e1408c._.js:2297
[   37010ms] [LOG] [Fast Refresh] done in 255ms @ http://localhost:3000/_next/static/chunks/73eda_next_dist_e2e1408c._.js:2297
[   37112ms] [LOG] [Fast Refresh] rebuilding @ http://localhost:3000/_next/static/chunks/73eda_next_dist_e2e1408c._.js:2297
[   37246ms] [LOG] [Fast Refresh] done in 235ms @ http://localhost:3000/_next/static/chunks/73eda_next_dist_e2e1408c._.js:2297
[   37347ms] [LOG] [Fast Refresh] rebuilding @ http://localhost:3000/_next/static/chunks/73eda_next_dist_e2e1408c._.js:2297
[   37471ms] [LOG] [Fast Refresh] done in 225ms @ http://localhost:3000/_next/static/chunks/73eda_next_dist_e2e1408c._.js:2297
[   37610ms] [LOG] [Fast Refresh] rebuilding @ http://localhost:3000/_next/static/chunks/73eda_next_dist_e2e1408c._.js:2297
[   37754ms] [LOG] [Fast Refresh] done in 245ms @ http://localhost:3000/_next/static/chunks/73eda_next_dist_e2e1408c._.js:2297
[   60398ms] [LOG] [Fast Refresh] rebuilding @ http://localhost:3000/_next/static/chunks/73eda_next_dist_e2e1408c._.js:2297
[   60806ms] [LOG] [Fast Refresh] done in 662ms @ http://localhost:3000/_next/static/chunks/73eda_next_dist_e2e1408c._.js:2297
[   60917ms] [LOG] [Fast Refresh] rebuilding @ http://localhost:3000/_next/static/chunks/73eda_next_dist_e2e1408c._.js:2297
[   61400ms] [LOG] [Fast Refresh] done in 592ms @ http://localhost:3000/_next/static/chunks/73eda_next_dist_e2e1408c._.js:2297
[   61503ms] [LOG] [Fast Refresh] rebuilding @ http://localhost:3000/_next/static/chunks/73eda_next_dist_e2e1408c._.js:2297
[   61580ms] [LOG] [Fast Refresh] done in 179ms @ http://localhost:3000/_next/static/chunks/73eda_next_dist_e2e1408c._.js:2297
[   65456ms] [LOG] [Fast Refresh] rebuilding @ http://localhost:3000/_next/static/chunks/73eda_next_dist_e2e1408c._.js:2297
[   65628ms] [LOG] [Fast Refresh] done in 204ms @ http://localhost:3000/_next/static/chunks/73eda_next_dist_e2e1408c._.js:2297
[   66902ms] [LOG] [Fast Refresh] rebuilding @ http://localhost:3000/_next/static/chunks/73eda_next_dist_e2e1408c._.js:2297
[   66951ms] [LOG] [Fast Refresh] done in 162ms @ http://localhost:3000/_next/static/chunks/73eda_next_dist_e2e1408c._.js:2297
[   67065ms] [LOG] [Fast Refresh] rebuilding @ http://localhost:3000/_next/static/chunks/73eda_next_dist_e2e1408c._.js:2297
[   67075ms] [LOG] [Fast Refresh] done in 112ms @ http://localhost:3000/_next/static/chunks/73eda_next_dist_e2e1408c._.js:2297
[   67589ms] [LOG] [Fast Refresh] rebuilding @ http://localhost:3000/_next/static/chunks/73eda_next_dist_e2e1408c._.js:2297
[   67603ms] [LOG] [Fast Refresh] done in 115ms @ http://localhost:3000/_next/static/chunks/73eda_next_dist_e2e1408c._.js:2297
[   67806ms] [LOG] [Fast Refresh] rebuilding @ http://localhost:3000/_next/static/chunks/73eda_next_dist_e2e1408c._.js:2297
[   67933ms] [LOG] [Fast Refresh] done in 229ms @ http://localhost:3000/_next/static/chunks/73eda_next_dist_e2e1408c._.js:2297
[   68036ms] [LOG] [Fast Refresh] rebuilding @ http://localhost:3000/_next/static/chunks/73eda_next_dist_e2e1408c._.js:2297
[   68152ms] [LOG] [Fast Refresh] done in 217ms @ http://localhost:3000/_next/static/chunks/73eda_next_dist_e2e1408c._.js:2297
[   68340ms] [LOG] [Fast Refresh] rebuilding @ http://localhost:3000/_next/static/chunks/73eda_next_dist_e2e1408c._.js:2297
[   68471ms] [LOG] [Fast Refresh] done in 236ms @ http://localhost:3000/_next/static/chunks/73eda_next_dist_e2e1408c._.js:2297
[   68676ms] [LOG] [Fast Refresh] rebuilding @ http://localhost:3000/_next/static/chunks/73eda_next_dist_e2e1408c._.js:2297
[   68709ms] [LOG] [Fast Refresh] done in 148ms @ http://localhost:3000/_next/static/chunks/73eda_next_dist_e2e1408c._.js:2297
[  100621ms] [LOG] [Fast Refresh] rebuilding @ http://localhost:3000/_next/static/chunks/73eda_next_dist_e2e1408c._.js:2297
[  100743ms] [LOG] [Fast Refresh] done in 163ms @ http://localhost:3000/_next/static/chunks/73eda_next_dist_e2e1408c._.js:2297
[  100854ms] [LOG] [Fast Refresh] rebuilding @ http://localhost:3000/_next/static/chunks/73eda_next_dist_e2e1408c._.js:2297
[  100905ms] [LOG] [Fast Refresh] done in 155ms @ http://localhost:3000/_next/static/chunks/73eda_next_dist_e2e1408c._.js:2297
[  101012ms] [LOG] [Fast Refresh] rebuilding @ http://localhost:3000/_next/static/chunks/73eda_next_dist_e2e1408c._.js:2297
[  101038ms] [LOG] [Fast Refresh] done in 128ms @ http://localhost:3000/_next/static/chunks/73eda_next_dist_e2e1408c._.js:2297
[  101154ms] [LOG] [Fast Refresh] rebuilding @ http://localhost:3000/_next/static/chunks/73eda_next_dist_e2e1408c._.js:2297
[  101181ms] [LOG] [Fast Refresh] done in 141ms @ http://localhost:3000/_next/static/chunks/73eda_next_dist_e2e1408c._.js:2297
[  101468ms] [LOG] [Fast Refresh] rebuilding @ http://localhost:3000/_next/static/chunks/73eda_next_dist_e2e1408c._.js:2297
[  101503ms] [LOG] [Fast Refresh] done in 137ms @ http://localhost:3000/_next/static/chunks/73eda_next_dist_e2e1408c._.js:2297
[  101606ms] [LOG] [Fast Refresh] rebuilding @ http://localhost:3000/_next/static/chunks/73eda_next_dist_e2e1408c._.js:2297
[  101645ms] [LOG] [Fast Refresh] done in 141ms @ http://localhost:3000/_next/static/chunks/73eda_next_dist_e2e1408c._.js:2297
[  101758ms] [LOG] [Fast Refresh] rebuilding @ http://localhost:3000/_next/static/chunks/73eda_next_dist_e2e1408c._.js:2297
[  101768ms] [LOG] [Fast Refresh] done in 115ms @ http://localhost:3000/_next/static/chunks/73eda_next_dist_e2e1408c._.js:2297
[  101881ms] [LOG] [Fast Refresh] rebuilding @ http://localhost:3000/_next/static/chunks/73eda_next_dist_e2e1408c._.js:2297
[  101957ms] [LOG] [Fast Refresh] done in 177ms @ http://localhost:3000/_next/static/chunks/73eda_next_dist_e2e1408c._.js:2297
[  102566ms] [LOG] [Fast Refresh] rebuilding @ http://localhost:3000/_next/static/chunks/73eda_next_dist_e2e1408c._.js:2297
[  102720ms] [LOG] [Fast Refresh] done in 254ms @ http://localhost:3000/_next/static/chunks/73eda_next_dist_e2e1408c._.js:2297
[  102821ms] [LOG] [Fast Refresh] rebuilding @ http://localhost:3000/_next/static/chunks/73eda_next_dist_e2e1408c._.js:2297
[  102963ms] [LOG] [Fast Refresh] done in 243ms @ http://localhost:3000/_next/static/chunks/73eda_next_dist_e2e1408c._.js:2297
[  103131ms] [LOG] [Fast Refresh] rebuilding @ http://localhost:3000/_next/static/chunks/73eda_next_dist_e2e1408c._.js:2297
[  103220ms] [LOG] [Fast Refresh] done in 189ms @ http://localhost:3000/_next/static/chunks/73eda_next_dist_e2e1408c._.js:2297
[  103403ms] [LOG] [Fast Refresh] rebuilding @ http://localhost:3000/_next/static/chunks/73eda_next_dist_e2e1408c._.js:2297
[  103504ms] [LOG] [Fast Refresh] done in 213ms @ http://localhost:3000/_next/static/chunks/73eda_next_dist_e2e1408c._.js:2297
[  103675ms] [LOG] [Fast Refresh] rebuilding @ http://localhost:3000/_next/static/chunks/73eda_next_dist_e2e1408c._.js:2297
[  103781ms] [LOG] [Fast Refresh] done in 206ms @ http://localhost:3000/_next/static/chunks/73eda_next_dist_e2e1408c._.js:2297
[  104058ms] [LOG] [Fast Refresh] rebuilding @ http://localhost:3000/_next/static/chunks/73eda_next_dist_e2e1408c._.js:2297
[  104077ms] [LOG] [Fast Refresh] done in 128ms @ http://localhost:3000/_next/static/chunks/73eda_next_dist_e2e1408c._.js:2297
[  104891ms] [LOG] [Fast Refresh] rebuilding @ http://localhost:3000/_next/static/chunks/73eda_next_dist_e2e1408c._.js:2297
[  104968ms] [LOG] [Fast Refresh] done in 181ms @ http://localhost:3000/_next/static/chunks/73eda_next_dist_e2e1408c._.js:2297
[  105076ms] [LOG] [Fast Refresh] rebuilding @ http://localhost:3000/_next/static/chunks/73eda_next_dist_e2e1408c._.js:2297
[  105296ms] [LOG] [Fast Refresh] done in 327ms @ http://localhost:3000/_next/static/chunks/73eda_next_dist_e2e1408c._.js:2297
[  128600ms] [LOG] [Fast Refresh] rebuilding @ http://localhost:3000/_next/static/chunks/73eda_next_dist_e2e1408c._.js:2297
[  128714ms] [LOG] [Fast Refresh] done in 219ms @ http://localhost:3000/_next/static/chunks/73eda_next_dist_e2e1408c._.js:2297
[  128872ms] [LOG] [Fast Refresh] rebuilding @ http://localhost:3000/_next/static/chunks/73eda_next_dist_e2e1408c._.js:2297
[  128931ms] [LOG] [Fast Refresh] done in 162ms @ http://localhost:3000/_next/static/chunks/73eda_next_dist_e2e1408c._.js:2297
[  129099ms] [LOG] [Fast Refresh] rebuilding @ http://localhost:3000/_next/static/chunks/73eda_next_dist_e2e1408c._.js:2297
[  129141ms] [LOG] [Fast Refresh] done in 143ms @ http://localhost:3000/_next/static/chunks/73eda_next_dist_e2e1408c._.js:2297
[  129686ms] [LOG] [Fast Refresh] rebuilding @ http://localhost:3000/_next/static/chunks/73eda_next_dist_e2e1408c._.js:2297
[  129711ms] [LOG] [Fast Refresh] done in 129ms @ http://localhost:3000/_next/static/chunks/73eda_next_dist_e2e1408c._.js:2297
[  129860ms] [LOG] [Fast Refresh] rebuilding @ http://localhost:3000/_next/static/chunks/73eda_next_dist_e2e1408c._.js:2297
[  129895ms] [LOG] [Fast Refresh] done in 135ms @ http://localhost:3000/_next/static/chunks/73eda_next_dist_e2e1408c._.js:2297
[  130000ms] [LOG] [Fast Refresh] rebuilding @ http://localhost:3000/_next/static/chunks/73eda_next_dist_e2e1408c._.js:2297
[  130005ms] [LOG] [Fast Refresh] done in 105ms @ http://localhost:3000/_next/static/chunks/73eda_next_dist_e2e1408c._.js:2297
[  130295ms] [LOG] [Fast Refresh] rebuilding @ http://localhost:3000/_next/static/chunks/73eda_next_dist_e2e1408c._.js:2297
[  130398ms] [LOG] [Fast Refresh] done in 204ms @ http://localhost:3000/_next/static/chunks/73eda_next_dist_e2e1408c._.js:2297
[  130905ms] [LOG] [Fast Refresh] rebuilding @ http://localhost:3000/_next/static/chunks/73eda_next_dist_e2e1408c._.js:2297
[  130980ms] [LOG] [Fast Refresh] done in 176ms @ http://localhost:3000/_next/static/chunks/73eda_next_dist_e2e1408c._.js:2297
[  131132ms] [LOG] [Fast Refresh] rebuilding @ http://localhost:3000/_next/static/chunks/73eda_next_dist_e2e1408c._.js:2297
[  131138ms] [LOG] [Fast Refresh] done in 117ms @ http://localhost:3000/_next/static/chunks/73eda_next_dist_e2e1408c._.js:2297
[  131826ms] [LOG] [Fast Refresh] rebuilding @ http://localhost:3000/_next/static/chunks/73eda_next_dist_e2e1408c._.js:2297
[  131827ms] [LOG] [Fast Refresh] done in 106ms @ http://localhost:3000/_next/static/chunks/73eda_next_dist_e2e1408c._.js:2297
[  131951ms] [LOG] [Fast Refresh] rebuilding @ http://localhost:3000/_next/static/chunks/73eda_next_dist_e2e1408c._.js:2297
[  131956ms] [LOG] [Fast Refresh] done in 106ms @ http://localhost:3000/_next/static/chunks/73eda_next_dist_e2e1408c._.js:2297
[  132063ms] [LOG] [Fast Refresh] rebuilding @ http://localhost:3000/_next/static/chunks/73eda_next_dist_e2e1408c._.js:2297
[  132143ms] [LOG] [Fast Refresh] done in 184ms @ http://localhost:3000/_next/static/chunks/73eda_next_dist_e2e1408c._.js:2297
[  132246ms] [LOG] [Fast Refresh] rebuilding @ http://localhost:3000/_next/static/chunks/73eda_next_dist_e2e1408c._.js:2297
[  132289ms] [LOG] [Fast Refresh] done in 143ms @ http://localhost:3000/_next/static/chunks/73eda_next_dist_e2e1408c._.js:2297
[  132713ms] [LOG] [Fast Refresh] rebuilding @ http://localhost:3000/_next/static/chunks/73eda_next_dist_e2e1408c._.js:2297
[  132718ms] [LOG] [Fast Refresh] done in 108ms @ http://localhost:3000/_next/static/chunks/73eda_next_dist_e2e1408c._.js:2297
[  132930ms] [LOG] [Fast Refresh] rebuilding @ http://localhost:3000/_next/static/chunks/73eda_next_dist_e2e1408c._.js:2297
[  132949ms] [LOG] [Fast Refresh] done in 123ms @ http://localhost:3000/_next/static/chunks/73eda_next_dist_e2e1408c._.js:2297
[  133212ms] [LOG] [Fast Refresh] rebuilding @ http://localhost:3000/_next/static/chunks/73eda_next_dist_e2e1408c._.js:2297
[  133230ms] [LOG] [Fast Refresh] done in 126ms @ http://localhost:3000/_next/static/chunks/73eda_next_dist_e2e1408c._.js:2297
[  133897ms] [LOG] [Fast Refresh] rebuilding @ http://localhost:3000/_next/static/chunks/73eda_next_dist_e2e1408c._.js:2297
[  133898ms] [LOG] [Fast Refresh] done in 108ms @ http://localhost:3000/_next/static/chunks/73eda_next_dist_e2e1408c._.js:2297
[  174222ms] [LOG] [Fast Refresh] rebuilding @ http://localhost:3000/_next/static/chunks/73eda_next_dist_e2e1408c._.js:2297
[  174788ms] [LOG] [Fast Refresh] done in 676ms @ http://localhost:3000/_next/static/chunks/73eda_next_dist_e2e1408c._.js:2297
[  174891ms] [LOG] [Fast Refresh] rebuilding @ http://localhost:3000/_next/static/chunks/73eda_next_dist_e2e1408c._.js:2297
[  174929ms] [LOG] [Fast Refresh] done in 140ms @ http://localhost:3000/_next/static/chunks/73eda_next_dist_e2e1408c._.js:2297
[  175690ms] [LOG] [Fast Refresh] rebuilding @ http://localhost:3000/_next/static/chunks/73eda_next_dist_e2e1408c._.js:2297
[  175819ms] [LOG] [Fast Refresh] done in 172ms @ http://localhost:3000/_next/static/chunks/73eda_next_dist_e2e1408c._.js:2297
[  176159ms] [LOG] [Fast Refresh] rebuilding @ http://localhost:3000/_next/static/chunks/73eda_next_dist_e2e1408c._.js:2297
[  176204ms] [LOG] [Fast Refresh] done in 145ms @ http://localhost:3000/_next/static/chunks/73eda_next_dist_e2e1408c._.js:2297
[  176591ms] [LOG] [Fast Refresh] rebuilding @ http://localhost:3000/_next/static/chunks/73eda_next_dist_e2e1408c._.js:2297
[  176608ms] [LOG] [Fast Refresh] done in 118ms @ http://localhost:3000/_next/static/chunks/73eda_next_dist_e2e1408c._.js:2297
[  176937ms] [LOG] [Fast Refresh] rebuilding @ http://localhost:3000/_next/static/chunks/73eda_next_dist_e2e1408c._.js:2297
[  177009ms] [LOG] [Fast Refresh] done in 174ms @ http://localhost:3000/_next/static/chunks/73eda_next_dist_e2e1408c._.js:2297
[  177203ms] [LOG] [Fast Refresh] rebuilding @ http://localhost:3000/_next/static/chunks/73eda_next_dist_e2e1408c._.js:2297
[  177266ms] [LOG] [Fast Refresh] done in 164ms @ http://localhost:3000/_next/static/chunks/73eda_next_dist_e2e1408c._.js:2297
[  177414ms] [LOG] [Fast Refresh] rebuilding @ http://localhost:3000/_next/static/chunks/73eda_next_dist_e2e1408c._.js:2297
[  177459ms] [LOG] [Fast Refresh] done in 145ms @ http://localhost:3000/_next/static/chunks/73eda_next_dist_e2e1408c._.js:2297
[  177937ms] [LOG] [Fast Refresh] rebuilding @ http://localhost:3000/_next/static/chunks/73eda_next_dist_e2e1408c._.js:2297
[  177968ms] [LOG] [Fast Refresh] done in 131ms @ http://localhost:3000/_next/static/chunks/73eda_next_dist_e2e1408c._.js:2297
[  178256ms] [LOG] [Fast Refresh] rebuilding @ http://localhost:3000/_next/static/chunks/73eda_next_dist_e2e1408c._.js:2297
[  178276ms] [LOG] [Fast Refresh] done in 121ms @ http://localhost:3000/_next/static/chunks/73eda_next_dist_e2e1408c._.js:2297
[  179400ms] [LOG] [Fast Refresh] rebuilding @ http://localhost:3000/_next/static/chunks/73eda_next_dist_e2e1408c._.js:2297
[  179464ms] [LOG] [Fast Refresh] done in 169ms @ http://localhost:3000/_next/static/chunks/73eda_next_dist_e2e1408c._.js:2297
[  179845ms] [LOG] [Fast Refresh] rebuilding @ http://localhost:3000/_next/static/chunks/73eda_next_dist_e2e1408c._.js:2297
[  179931ms] [LOG] [Fast Refresh] done in 189ms @ http://localhost:3000/_next/static/chunks/73eda_next_dist_e2e1408c._.js:2297
[  180292ms] [LOG] [Fast Refresh] rebuilding @ http://localhost:3000/_next/static/chunks/73eda_next_dist_e2e1408c._.js:2297
[  180311ms] [LOG] [Fast Refresh] done in 120ms @ http://localhost:3000/_next/static/chunks/73eda_next_dist_e2e1408c._.js:2297
[  180757ms] [LOG] [Fast Refresh] rebuilding @ http://localhost:3000/_next/static/chunks/73eda_next_dist_e2e1408c._.js:2297
[  180801ms] [LOG] [Fast Refresh] done in 150ms @ http://localhost:3000/_next/static/chunks/73eda_next_dist_e2e1408c._.js:2297
[  180905ms] [LOG] [Fast Refresh] rebuilding @ http://localhost:3000/_next/static/chunks/73eda_next_dist_e2e1408c._.js:2297
[  181217ms] [LOG] [Fast Refresh] done in 416ms @ http://localhost:3000/_next/static/chunks/73eda_next_dist_e2e1408c._.js:2297
[  191019ms] [LOG] [Fast Refresh] rebuilding @ http://localhost:3000/_next/static/chunks/73eda_next_dist_e2e1408c._.js:2297
[  191443ms] [LOG] [Fast Refresh] done in 531ms @ http://localhost:3000/_next/static/chunks/73eda_next_dist_e2e1408c._.js:2297
[  191544ms] [LOG] [Fast Refresh] rebuilding @ http://localhost:3000/_next/static/chunks/73eda_next_dist_e2e1408c._.js:2297
[  191612ms] [LOG] [Fast Refresh] done in 169ms @ http://localhost:3000/_next/static/chunks/73eda_next_dist_e2e1408c._.js:2297
[  200448ms] [LOG] [Fast Refresh] rebuilding @ http://localhost:3000/_next/static/chunks/73eda_next_dist_e2e1408c._.js:2297
[  200453ms] [LOG] [Fast Refresh] done in 113ms @ http://localhost:3000/_next/static/chunks/73eda_next_dist_e2e1408c._.js:2297
[  203288ms] [LOG] [Fast Refresh] rebuilding @ http://localhost:3000/_next/static/chunks/73eda_next_dist_e2e1408c._.js:2297
[  203979ms] [LOG] [Fast Refresh] done in 806ms @ http://localhost:3000/_next/static/chunks/73eda_next_dist_e2e1408c._.js:2297
[  204080ms] [LOG] [Fast Refresh] rebuilding @ http://localhost:3000/_next/static/chunks/73eda_next_dist_e2e1408c._.js:2297
[  204113ms] [LOG] [Fast Refresh] done in 134ms @ http://localhost:3000/_next/static/chunks/73eda_next_dist_e2e1408c._.js:2297
[  218537ms] [LOG] [Fast Refresh] rebuilding @ http://localhost:3000/_next/static/chunks/73eda_next_dist_e2e1408c._.js:2297
[  219131ms] [LOG] [Fast Refresh] done in 702ms @ http://localhost:3000/_next/static/chunks/73eda_next_dist_e2e1408c._.js:2297
[  223787ms] [LOG] [Fast Refresh] rebuilding @ http://localhost:3000/_next/static/chunks/73eda_next_dist_e2e1408c._.js:2297
[  223873ms] [LOG] [Fast Refresh] done in 192ms @ http://localhost:3000/_next/static/chunks/73eda_next_dist_e2e1408c._.js:2297
[  228803ms] [LOG] [Fast Refresh] rebuilding @ http://localhost:3000/_next/static/chunks/73eda_next_dist_e2e1408c._.js:2297
[  229040ms] [LOG] [Fast Refresh] done in 159ms @ http://localhost:3000/_next/static/chunks/73eda_next_dist_e2e1408c._.js:2297
[  230512ms] [LOG] [Fast Refresh] rebuilding @ http://localhost:3000/_next/static/chunks/73eda_next_dist_e2e1408c._.js:2297
[  230561ms] [LOG] [Fast Refresh] done in 152ms @ http://localhost:3000/_next/static/chunks/73eda_next_dist_e2e1408c._.js:2297
[  230969ms] [LOG] [Fast Refresh] rebuilding @ http://localhost:3000/_next/static/chunks/73eda_next_dist_e2e1408c._.js:2297
[  231003ms] [LOG] [Fast Refresh] done in 135ms @ http://localhost:3000/_next/static/chunks/73eda_next_dist_e2e1408c._.js:2297
[  231367ms] [LOG] [Fast Refresh] rebuilding @ http://localhost:3000/_next/static/chunks/73eda_next_dist_e2e1408c._.js:2297
[  231404ms] [LOG] [Fast Refresh] done in 136ms @ http://localhost:3000/_next/static/chunks/73eda_next_dist_e2e1408c._.js:2297
[  232131ms] [LOG] [Fast Refresh] rebuilding @ http://localhost:3000/_next/static/chunks/73eda_next_dist_e2e1408c._.js:2297
[  232162ms] [LOG] [Fast Refresh] done in 133ms @ http://localhost:3000/_next/static/chunks/73eda_next_dist_e2e1408c._.js:2297
[  232272ms] [LOG] [Fast Refresh] rebuilding @ http://localhost:3000/_next/static/chunks/73eda_next_dist_e2e1408c._.js:2297
[  232276ms] [LOG] [Fast Refresh] done in 105ms @ http://localhost:3000/_next/static/chunks/73eda_next_dist_e2e1408c._.js:2297
[  232902ms] [LOG] [Fast Refresh] rebuilding @ http://localhost:3000/_next/static/chunks/73eda_next_dist_e2e1408c._.js:2297
[  232937ms] [LOG] [Fast Refresh] done in 137ms @ http://localhost:3000/_next/static/chunks/73eda_next_dist_e2e1408c._.js:2297
[  233628ms] [LOG] [Fast Refresh] rebuilding @ http://localhost:3000/_next/static/chunks/73eda_next_dist_e2e1408c._.js:2297
[  233667ms] [LOG] [Fast Refresh] done in 141ms @ http://localhost:3000/_next/static/chunks/73eda_next_dist_e2e1408c._.js:2297
[  233933ms] [LOG] [Fast Refresh] rebuilding @ http://localhost:3000/_next/static/chunks/73eda_next_dist_e2e1408c._.js:2297
[  233933ms] [LOG] [Fast Refresh] done in 108ms @ http://localhost:3000/_next/static/chunks/73eda_next_dist_e2e1408c._.js:2297
[  234045ms] [LOG] [Fast Refresh] rebuilding @ http://localhost:3000/_next/static/chunks/73eda_next_dist_e2e1408c._.js:2297
[  234094ms] [LOG] [Fast Refresh] done in 152ms @ http://localhost:3000/_next/static/chunks/73eda_next_dist_e2e1408c._.js:2297
[  234217ms] [LOG] [Fast Refresh] rebuilding @ http://localhost:3000/_next/static/chunks/73eda_next_dist_e2e1408c._.js:2297
[  234340ms] [LOG] [Fast Refresh] done in 246ms @ http://localhost:3000/_next/static/chunks/73eda_next_dist_e2e1408c._.js:2297
[  247962ms] [LOG] [Fast Refresh] rebuilding @ http://localhost:3000/_next/static/chunks/73eda_next_dist_e2e1408c._.js:2297
[  247994ms] [LOG] [Fast Refresh] done in 140ms @ http://localhost:3000/_next/static/chunks/73eda_next_dist_e2e1408c._.js:2297
[  248307ms] [LOG] [Fast Refresh] rebuilding @ http://localhost:3000/_next/static/chunks/73eda_next_dist_e2e1408c._.js:2297
[  249667ms] [LOG] [Fast Refresh] done in 1474ms @ http://localhost:3000/_next/static/chunks/73eda_next_dist_e2e1408c._.js:2297
[  249830ms] [LOG] [Fast Refresh] rebuilding @ http://localhost:3000/_next/static/chunks/73eda_next_dist_e2e1408c._.js:2297
[  251120ms] [LOG] [Fast Refresh] done in 1391ms @ http://localhost:3000/_next/static/chunks/73eda_next_dist_e2e1408c._.js:2297
[  251272ms] [LOG] [Fast Refresh] rebuilding @ http://localhost:3000/_next/static/chunks/73eda_next_dist_e2e1408c._.js:2297
[  251667ms] [LOG] [Fast Refresh] done in 497ms @ http://localhost:3000/_next/static/chunks/73eda_next_dist_e2e1408c._.js:2297
[  251772ms] [LOG] [Fast Refresh] rebuilding @ http://localhost:3000/_next/static/chunks/73eda_next_dist_e2e1408c._.js:2297
[  251835ms] [LOG] [Fast Refresh] done in 167ms @ http://localhost:3000/_next/static/chunks/73eda_next_dist_e2e1408c._.js:2297
