[     314ms] [INFO] %cDownload the React DevTools for a better development experience: https://react.dev/link/react-devtools font-weight:bold @ http://localhost:3000/_next/static/chunks/73eda_next_dist_e2e1408c._.js:2297
[     374ms] [LOG] [HMR] connected @ http://localhost:3000/_next/static/chunks/73eda_next_dist_e2e1408c._.js:2297
[   96582ms] [LOG] [Fast Refresh] rebuilding @ http://localhost:3000/_next/static/chunks/73eda_next_dist_e2e1408c._.js:2297
[   96846ms] [ERROR] Failed to load resource: the server responded with a status of 404 (Not Found) @ http://localhost:3000/showcase/apple/prototype?_rsc=bud2o:0
[   96994ms] [ERROR] Failed to load resource: the server responded with a status of 404 (Not Found) @ http://localhost:3000/showcase/apple/prototype?_rsc=bud2o:0
[   97436ms] [LOG] [Fast Refresh] done in 294ms @ http://localhost:3000/_next/static/chunks/73eda_next_dist_e2e1408c._.js:2297
[   97464ms] [ERROR] Failed to load resource: the server responded with a status of 404 (Not Found) @ http://localhost:3000/showcase/apple/prototype:0
[   97673ms] [INFO] %cDownload the React DevTools for a better development experience: https://react.dev/link/react-devtools font-weight:bold @ http://localhost:3000/_next/static/chunks/73eda_next_dist_e2e1408c._.js:2297
[   97695ms] [LOG] [HMR] connected @ http://localhost:3000/_next/static/chunks/73eda_next_dist_e2e1408c._.js:2297
[  103302ms] [LOG] [Fast Refresh] rebuilding @ http://localhost:3000/_next/static/chunks/73eda_next_dist_e2e1408c._.js:2297
[  103461ms] [LOG] [Fast Refresh] done in 261ms @ http://localhost:3000/_next/static/chunks/73eda_next_dist_e2e1408c._.js:2297
[  103605ms] [LOG] [Fast Refresh] rebuilding @ http://localhost:3000/_next/static/chunks/73eda_next_dist_e2e1408c._.js:2297
[  103682ms] [LOG] [Fast Refresh] done in 193ms @ http://localhost:3000/_next/static/chunks/73eda_next_dist_e2e1408c._.js:2297
[  103811ms] [LOG] [Fast Refresh] rebuilding @ http://localhost:3000/_next/static/chunks/73eda_next_dist_e2e1408c._.js:2297
[  103815ms] [LOG] [Fast Refresh] done in 105ms @ http://localhost:3000/_next/static/chunks/73eda_next_dist_e2e1408c._.js:2297
[  103976ms] [LOG] [Fast Refresh] rebuilding @ http://localhost:3000/_next/static/chunks/73eda_next_dist_e2e1408c._.js:2297
[  104173ms] [LOG] [Fast Refresh] done in 298ms @ http://localhost:3000/_next/static/chunks/73eda_next_dist_e2e1408c._.js:2297
[  104548ms] [INFO] %cDownload the React DevTools for a better development experience: https://react.dev/link/react-devtools font-weight:bold @ http://localhost:3000/_next/static/chunks/73eda_next_dist_e2e1408c._.js:2297
[  104573ms] [LOG] [HMR] connected @ http://localhost:3000/_next/static/chunks/73eda_next_dist_e2e1408c._.js:2297
[  307339ms] [LOG] [Fast Refresh] rebuilding @ http://localhost:3000/_next/static/chunks/73eda_next_dist_e2e1408c._.js:2297
[  307397ms] [LOG] [Fast Refresh] done in 168ms @ http://localhost:3000/_next/static/chunks/73eda_next_dist_e2e1408c._.js:2297
[  308145ms] [LOG] [Fast Refresh] rebuilding @ http://localhost:3000/_next/static/chunks/73eda_next_dist_e2e1408c._.js:2297
[  308154ms] [LOG] [Fast Refresh] done in 113ms @ http://localhost:3000/_next/static/chunks/73eda_next_dist_e2e1408c._.js:2297
[  349999ms] [LOG] [Fast Refresh] rebuilding @ http://localhost:3000/_next/static/chunks/73eda_next_dist_e2e1408c._.js:2297
[  350046ms] [LOG] [Fast Refresh] done in 153ms @ http://localhost:3000/_next/static/chunks/73eda_next_dist_e2e1408c._.js:2297
